==========================================
SLURM_JOB_NAME = dftd4-8000.sh
SLURM_JOB_USER = cbm518i
SLURM_JOB_ID = 272504
SLURM_JOB_NUM_NODES = 1
SLURM_JOB_NODELIST = node510
==========================================
Rational (Becke-Johnson) damping: pbe-D4
---------------------
  s6         1.0000
  s8         0.9595
  s9         0.0000
  a1         0.3857
  a2         4.8069
 alp        16.0000
--------------------

 timings (s) resolution:    1.0000000000000001E-009
get_amat_0d   :     3.996062  0.000000D+00
get_amat_0ds  :     4.164380  0.000000D+00
get_amat_0d_1 :     0.966563  0.000000D+00
get_amat_0d_1a:     0.196257  0.000000D+00
get_amat_0d_1c:     0.207689  0.000000D+00
get_amat_0d_1d:     0.150329  0.000000D+00
get_amat_0d_2a:     0.176479  0.000000D+00
get_amat_0d_3a:     0.139548  0.000000D+00
get_amat_0d_3b:     0.154861  0.000000D+00
get_amat_0d_4a:     0.186499  0.000000D+00
get_amat_0d_4c:     0.206205  0.000000D+00
get_amat_0d_4d:     0.184179  0.000000D+00
Dispersion energy:      -1.0009320955811E+02 Eh

